// Jest Snapshot v1, https://goo.gl/fbAQLP

exports[`Menu component renders correctly 1`] = `
<ScrollViewMock
  scrollsToTop={false}
  style={
    Object {
      "backgroundColor": "#F1F1F1",
      "borderRightColor": "#e11027",
      "borderRightWidth": 1,
      "borderStyle": "solid",
      "flex": 1,
      "height": 1334,
      "width": 751,
    }
  }
>
  <View
    style={
      Object {
        "alignItems": "center",
        "flex": 1,
        "flexDirection": "row",
        "height": 100,
        "justifyContent": "flex-start",
        "paddingBottom": 25,
        "paddingLeft": 25,
        "paddingRight": 272.5,
        "paddingTop": 25,
        "width": "80%",
      }
    }
  >
    <Image
      source={null}
      style={
        Object {
          "borderRadius": 50,
          "height": 50,
          "marginRight": 25,
          "resizeMode": "contain",
          "width": 50,
        }
      }
    />
    <View>
      <Text
        style={
          Object {
            "color": "#4A4A4A",
            "fontSize": 18,
          }
        }
      />
    </View>
  </View>
  <View
    style={
      Object {
        "paddingLeft": 25,
        "paddingRight": 272.5,
      }
    }
  >
    <View
      style={
        Object {
          "borderBottomColor": "#cacaca",
          "borderBottomWidth": 0.5,
          "marginBottom": 31.5,
        }
      }
    />
    <View
      style={
        Object {
          "alignItems": "center",
          "flexDirection": "row",
          "marginBottom": 31.5,
        }
      }
    >
      <Image
        source={null}
        style={
          Object {
            "height": 25,
            "resizeMode": "contain",
            "width": 25,
          }
        }
      />
      <Text
        onPress={[Function]}
        style={
          Object {
            "fontSize": 18,
            "marginLeft": 25,
          }
        }
      >
        Home
      </Text>
    </View>
    <View
      style={
        Object {
          "alignItems": "center",
          "flexDirection": "row",
          "marginBottom": 31.5,
        }
      }
    >
      <Image
        source={null}
        style={
          Object {
            "height": 25,
            "resizeMode": "contain",
            "width": 25,
          }
        }
      />
      <Text
        onPress={[Function]}
        style={
          Object {
            "fontSize": 18,
            "marginLeft": 25,
          }
        }
      >
        My Trips
      </Text>
    </View>
    <View
      style={
        Object {
          "alignItems": "center",
          "flexDirection": "row",
          "marginBottom": 31.5,
        }
      }
    >
      <Image
        source={null}
        style={
          Object {
            "height": 25,
            "resizeMode": "contain",
            "width": 25,
          }
        }
      />
      <Text
        onPress={[Function]}
        style={
          Object {
            "fontSize": 18,
            "marginLeft": 25,
          }
        }
      >
        Rankings
      </Text>
    </View>
    <View
      style={
        Object {
          "borderBottomColor": "#cacaca",
          "borderBottomWidth": 0.5,
          "marginBottom": 31.5,
        }
      }
    />
    <View
      style={
        Object {
          "alignItems": "center",
          "flexDirection": "row",
          "marginBottom": 31.5,
        }
      }
    >
      <Image
        source={null}
        style={
          Object {
            "height": 25,
            "resizeMode": "contain",
            "width": 25,
          }
        }
      />
      <Text
        onPress={[Function]}
        style={
          Object {
            "fontSize": 18,
            "marginLeft": 25,
          }
        }
      >
        Logout
      </Text>
    </View>
    <View
      style={
        Object {
          "borderBottomColor": "#cacaca",
          "borderBottomWidth": 0.5,
          "marginBottom": 31.5,
        }
      }
    />
    <View>
      <Text
        style={
          Object {
            "color": "#4A4A4A",
            "fontSize": 14,
          }
        }
      >
        Customer support
      </Text>
      <TouchableOpacity
        activeOpacity={0.2}
        onPress={[Function]}
      >
        <Text
          style={
            Object {
              "color": "#d1d1d1",
              "fontSize": 16,
              "fontWeight": "bold",
            }
          }
        >
          alexander.stocker@v2c2.at
        </Text>
      </TouchableOpacity>
      <Text
        style={
          Array [
            Object {
              "color": "#4A4A4A",
              "fontSize": 14,
            },
            Object {
              "marginTop": 20,
            },
          ]
        }
      >
        Tech support
      </Text>
      <TouchableOpacity
        activeOpacity={0.2}
        onPress={[Function]}
      >
        <Text
          style={
            Object {
              "color": "#d1d1d1",
              "fontSize": 16,
              "fontWeight": "bold",
            }
          }
        >
          nik.adzic@v2c2.at
        </Text>
      </TouchableOpacity>
      <Text
        style={
          Array [
            Object {
              "color": "#4A4A4A",
              "fontSize": 14,
            },
            Object {
              "marginTop": 20,
            },
          ]
        }
      >
        Version 
      </Text>
    </View>
  </View>
</ScrollViewMock>
`;
